[debug] [2026-05-04T09:11:16.080Z] ----------------------------------------------------------------------
[debug] [2026-05-04T09:11:16.084Z] Command:       C:\Program Files\nodejs\node.exe C:\Users\Admin\AppData\Roaming\npm\node_modules\firebase-tools\lib\bin\firebase.js deploy
[debug] [2026-05-04T09:11:16.085Z] CLI Version:   15.16.0
[debug] [2026-05-04T09:11:16.085Z] Platform:      win32
[debug] [2026-05-04T09:11:16.085Z] Node Version:  v22.14.0
[debug] [2026-05-04T09:11:16.086Z] Time:          Mon May 04 2026 14:41:16 GMT+0530 (India Standard Time)
[debug] [2026-05-04T09:11:16.086Z] ----------------------------------------------------------------------
[debug] 
[debug] [2026-05-04T09:11:21.394Z] > command requires scopes: ["email","openid","https://www.googleapis.com/auth/cloudplatformprojects.readonly","https://www.googleapis.com/auth/firebase","https://www.googleapis.com/auth/cloud-platform"]
[debug] [2026-05-04T09:11:21.394Z] > authorizing via signed-in user (sumanadhikari0@gmail.com)
[debug] [2026-05-04T09:11:21.395Z] [iam] checking project stock-sell for permissions ["firebase.projects.get","firebasehosting.sites.update"]
[debug] [2026-05-04T09:11:21.397Z] Checked if tokens are valid: true, expires at: 1777888807787
[debug] [2026-05-04T09:11:21.397Z] Checked if tokens are valid: true, expires at: 1777888807787
[debug] [2026-05-04T09:11:21.399Z] >>> [apiv2][query] POST https://cloudresourcemanager.googleapis.com/v1/projects/stock-sell:testIamPermissions [none]
[debug] [2026-05-04T09:11:21.399Z] >>> [apiv2][(partial)header] POST https://cloudresourcemanager.googleapis.com/v1/projects/stock-sell:testIamPermissions  x-goog-user-project=stock-sell
[debug] [2026-05-04T09:11:21.399Z] >>> [apiv2][body] POST https://cloudresourcemanager.googleapis.com/v1/projects/stock-sell:testIamPermissions {"permissions":["firebase.projects.get","firebasehosting.sites.update"]}
[debug] [2026-05-04T09:11:23.433Z] <<< [apiv2][status] POST https://cloudresourcemanager.googleapis.com/v1/projects/stock-sell:testIamPermissions 200
[debug] [2026-05-04T09:11:23.434Z] <<< [apiv2][body] POST https://cloudresourcemanager.googleapis.com/v1/projects/stock-sell:testIamPermissions {"permissions":["firebase.projects.get","firebasehosting.sites.update"]}
[debug] [2026-05-04T09:11:23.437Z] Checked if tokens are valid: true, expires at: 1777888807787
[debug] [2026-05-04T09:11:23.438Z] Checked if tokens are valid: true, expires at: 1777888807787
[debug] [2026-05-04T09:11:23.439Z] >>> [apiv2][query] GET https://firebase.googleapis.com/v1beta1/projects/stock-sell [none]
[debug] [2026-05-04T09:11:35.118Z] <<< [apiv2][status] GET https://firebase.googleapis.com/v1beta1/projects/stock-sell 200
[debug] [2026-05-04T09:11:35.118Z] <<< [apiv2][body] GET https://firebase.googleapis.com/v1beta1/projects/stock-sell {"projectId":"stock-sell","projectNumber":"22003150351","displayName":"stock-sell","name":"projects/stock-sell","resources":{"hostingSite":"stock-sell"},"state":"ACTIVE","etag":"1_ad7c2234-4a9d-4804-b61b-bf1927e8db49"}
[info] 
[info] === Deploying to 'stock-sell'...
[info] 
[info] i  deploying hosting 
[debug] [2026-05-04T09:11:35.136Z] Checked if tokens are valid: true, expires at: 1777888807787
[debug] [2026-05-04T09:11:35.137Z] Checked if tokens are valid: true, expires at: 1777888807787
[debug] [2026-05-04T09:11:35.137Z] >>> [apiv2][query] GET https://firebasehosting.googleapis.com/v1beta1/projects/stock-sell/sites/stock-sell [none]
[debug] [2026-05-04T09:11:37.588Z] <<< [apiv2][status] GET https://firebasehosting.googleapis.com/v1beta1/projects/stock-sell/sites/stock-sell 200
[debug] [2026-05-04T09:11:37.589Z] <<< [apiv2][body] GET https://firebasehosting.googleapis.com/v1beta1/projects/stock-sell/sites/stock-sell {"name":"projects/stock-sell/sites/stock-sell","defaultUrl":"https://stock-sell.web.app","appId":"1:22003150351:web:6352860ef01b35f50dbd7a","type":"DEFAULT_SITE"}
[debug] [2026-05-04T09:11:37.596Z] Checked if tokens are valid: true, expires at: 1777888807787
[debug] [2026-05-04T09:11:37.596Z] Checked if tokens are valid: true, expires at: 1777888807787
[debug] [2026-05-04T09:11:37.596Z] >>> [apiv2][query] POST https://firebasehosting.googleapis.com/v1beta1/projects/-/sites/stock-sell/versions [none]
[debug] [2026-05-04T09:11:37.596Z] >>> [apiv2][body] POST https://firebasehosting.googleapis.com/v1beta1/projects/-/sites/stock-sell/versions {"status":"CREATED","labels":{"deployment-tool":"cli-firebase"}}
[debug] [2026-05-04T09:11:38.772Z] <<< [apiv2][status] POST https://firebasehosting.googleapis.com/v1beta1/projects/-/sites/stock-sell/versions 200
[debug] [2026-05-04T09:11:38.772Z] <<< [apiv2][body] POST https://firebasehosting.googleapis.com/v1beta1/projects/-/sites/stock-sell/versions {"name":"projects/22003150351/sites/stock-sell/versions/9752b1bfef86841e","status":"CREATED","config":{},"labels":{"deployment-tool":"cli-firebase"}}
[info] i  hosting[stock-sell]: beginning deploy... 
[info] i  hosting[stock-sell]: found 17 files in build 
[debug] [2026-05-04T09:11:49.324Z] [hosting] uploading with 200 concurrency
[debug] [2026-05-04T09:11:52.574Z] Checked if tokens are valid: true, expires at: 1777888807787
[debug] [2026-05-04T09:11:52.575Z] Checked if tokens are valid: true, expires at: 1777888807787
[debug] [2026-05-04T09:11:52.577Z] [hosting] hash cache [YnVpbGQ] stored for 17 files
[debug] [2026-05-04T09:11:52.577Z] [hosting][hash queue][FINAL] {"max":3189,"min":19,"avg":523.4117647058823,"active":0,"complete":17,"success":17,"errored":0,"retried":0,"total":17,"elapsed":3221}
[debug] [2026-05-04T09:11:52.578Z] >>> [apiv2][query] POST https://firebasehosting.googleapis.com/v1beta1/projects/22003150351/sites/stock-sell/versions/9752b1bfef86841e:populateFiles [none]
[debug] [2026-05-04T09:11:52.582Z] >>> [apiv2][body] POST https://firebasehosting.googleapis.com/v1beta1/projects/22003150351/sites/stock-sell/versions/9752b1bfef86841e:populateFiles {"files":{"/StockSellLogin.jpg":"7df31863b347aa3ed2008c9ed959805b7fd45786a46bc911c1e87479aba71919","/robots.txt":"bfe106a3fb878dc83461c86818bf74fc1bdc7f28538ba613cd3e775516ce8b49","/photo_2026-05-03_21-25-56.jpg":"ba2831746bd4bfe7245f1ea221f8f96f95b89a4a41e3d9eb24f7cab9dea0ad41","/logo192.png":"fd67cf355d003c83f9952aabc1cdd2e825130b05ab61e864baaf3edf86237761","/favicon.ico":"4f706719fd05ca6f51d7fb2db65c4a9932d4dd1c04b02470c63a38342c823323","/manifest.json":"6a39d4212153547a179ee9c4786b2b398c37b2e7fd2917a5108cd7a4a221fafb","/index.html":"d9d06085412d6655c6a8ffaa6bf287b2f9d4237f51548ddf0d3d330f3111f36f","/asset-manifest.json":"841588384790babf46585a768fabf712f5112d2d2f68cda3be3014549bf15bf2","/static/js/main.a3fa2b2f.js.LICENSE.txt":"28653afa34fc6e5564a7da0bb899fb65a330f9555b00ab9990e23572b972d071","/static/js/453.fa02ccc9.chunk.js":"b13aa579f1e7c125c5e70d12cd7b70fe631a6600eae94547a5b74484cd1d182b","/static/css/main.7b2ed952.css.map":"d1df1f26c5cc464e1e0d94f7cd399b29ba289311c49d87924d8f56cbc8ee13dd","/static/css/main.7b2ed952.css":"697349147138b52b5cb37a3712ad2d643f228fe4b11d643c89904ce80c3da36a","/static/js/453.fa02ccc9.chunk.js.map":"690d9f9bd99008dba041e984088683dae35e08a2265c7ac0a642c7f7dcad8bfa","/logo512.png":"abd53af7c9d484fb92b2765afc0a7b207ae50e7a39546355c63bf20fc2440d03","/static/js/main.a3fa2b2f.js":"6bbf56faa1604121a251c0a7431f3a5606c7d40d4985bf4e6e54452cd723e80e","/static/media/StockSellLogin.2165824397ebd0426f20.jpg":"04359cbbd347c4a422bae1ac02d1eeaa5669bacd250bfe896ae05f181b366e1c","/static/js/main.a3fa2b2f.js.map":"82257d70d1b0d762cfc786ffdd89fa114364b96eb4849620f6d69cace99bd83b"}}
[debug] [2026-05-04T09:11:54.134Z] <<< [apiv2][status] POST https://firebasehosting.googleapis.com/v1beta1/projects/22003150351/sites/stock-sell/versions/9752b1bfef86841e:populateFiles 200
[debug] [2026-05-04T09:11:54.134Z] <<< [apiv2][body] POST https://firebasehosting.googleapis.com/v1beta1/projects/22003150351/sites/stock-sell/versions/9752b1bfef86841e:populateFiles {"uploadRequiredHashes":["abd53af7c9d484fb92b2765afc0a7b207ae50e7a39546355c63bf20fc2440d03"],"uploadUrl":"https://upload-firebasehosting.googleapis.com/upload/sites/stock-sell/versions/9752b1bfef86841e/files"}
[debug] [2026-05-04T09:11:54.140Z] Checked if tokens are valid: true, expires at: 1777888807787
[debug] [2026-05-04T09:11:54.140Z] Checked if tokens are valid: true, expires at: 1777888807787
[debug] [2026-05-04T09:11:54.143Z] >>> [apiv2][query] POST https://upload-firebasehosting.googleapis.com/upload/sites/stock-sell/versions/9752b1bfef86841e/files/abd53af7c9d484fb92b2765afc0a7b207ae50e7a39546355c63bf20fc2440d03 [none]
[debug] [2026-05-04T09:11:54.143Z] >>> [apiv2][body] POST https://upload-firebasehosting.googleapis.com/upload/sites/stock-sell/versions/9752b1bfef86841e/files/abd53af7c9d484fb92b2765afc0a7b207ae50e7a39546355c63bf20fc2440d03 [stream]
[debug] [2026-05-04T09:11:54.158Z] [hosting][populate queue][FINAL] {"max":1569,"min":1569,"avg":1569,"active":0,"complete":1,"success":1,"errored":0,"retried":0,"total":1,"elapsed":1584}
[debug] [2026-05-04T09:11:54.158Z] [hosting] uploads queued: 1
[debug] [2026-05-04T09:12:07.716Z] <<< [apiv2][status] POST https://upload-firebasehosting.googleapis.com/upload/sites/stock-sell/versions/9752b1bfef86841e/files/abd53af7c9d484fb92b2765afc0a7b207ae50e7a39546355c63bf20fc2440d03 200
[debug] [2026-05-04T09:12:07.717Z] <<< [apiv2][body] POST https://upload-firebasehosting.googleapis.com/upload/sites/stock-sell/versions/9752b1bfef86841e/files/abd53af7c9d484fb92b2765afc0a7b207ae50e7a39546355c63bf20fc2440d03 [stream]
[debug] [2026-05-04T09:12:07.717Z] [hosting][upload queue][FINAL] {"max":13578,"min":13578,"avg":13578,"active":0,"complete":1,"success":1,"errored":0,"retried":0,"total":1,"elapsed":13578}
[info] +  hosting[stock-sell]: file upload complete 
[debug] [2026-05-04T09:12:07.730Z] [hosting] deploy completed after 18684ms
[debug] [2026-05-04T09:12:07.731Z] [
  {
    "config": {
      "public": "build",
      "ignore": [
        "firebase.json",
        "**/.*",
        "**/node_modules/**"
      ],
      "rewrites": [
        {
          "source": "**",
          "destination": "/index.html"
        }
      ],
      "site": "stock-sell"
    },
    "version": "projects/22003150351/sites/stock-sell/versions/9752b1bfef86841e"
  }
]
[info] i  hosting[stock-sell]: finalizing version... 
[debug] [2026-05-04T09:12:07.762Z] Checked if tokens are valid: true, expires at: 1777888807787
[debug] [2026-05-04T09:12:07.762Z] Checked if tokens are valid: true, expires at: 1777888807787
[debug] [2026-05-04T09:12:07.766Z] >>> [apiv2][query] PATCH https://firebasehosting.googleapis.com/v1beta1/projects/-/sites/stock-sell/versions/9752b1bfef86841e updateMask=status%2Cconfig
[debug] [2026-05-04T09:12:07.772Z] >>> [apiv2][body] PATCH https://firebasehosting.googleapis.com/v1beta1/projects/-/sites/stock-sell/versions/9752b1bfef86841e {"status":"FINALIZED","config":{"rewrites":[{"glob":"**","path":"/index.html"}]}}
[debug] [2026-05-04T09:12:09.210Z] <<< [apiv2][status] PATCH https://firebasehosting.googleapis.com/v1beta1/projects/-/sites/stock-sell/versions/9752b1bfef86841e 200
[debug] [2026-05-04T09:12:09.211Z] <<< [apiv2][body] PATCH https://firebasehosting.googleapis.com/v1beta1/projects/-/sites/stock-sell/versions/9752b1bfef86841e {"name":"projects/22003150351/sites/stock-sell/versions/9752b1bfef86841e","status":"FINALIZED","config":{"rewrites":[{"glob":"**","path":"/index.html"}]},"labels":{"deployment-tool":"cli-firebase"},"createTime":"2026-05-04T09:11:38.713207Z","createUser":{"email":"sumanadhikari0@gmail.com"},"finalizeTime":"2026-05-04T09:12:09.692473Z","finalizeUser":{"email":"sumanadhikari0@gmail.com"}}
[debug] [2026-05-04T09:12:09.211Z] [hosting] finalized version for stock-sell:[object Object]
[info] +  hosting[stock-sell]: version finalized 
[info] i  hosting[stock-sell]: releasing new version... 
[debug] [2026-05-04T09:12:09.224Z] Checked if tokens are valid: true, expires at: 1777888807787
[debug] [2026-05-04T09:12:09.238Z] Checked if tokens are valid: true, expires at: 1777888807787
[debug] [2026-05-04T09:12:09.239Z] >>> [apiv2][query] POST https://firebasehosting.googleapis.com/v1beta1/projects/-/sites/stock-sell/channels/live/releases versionName=projects%2F22003150351%2Fsites%2Fstock-sell%2Fversions%2F9752b1bfef86841e
[debug] [2026-05-04T09:12:09.239Z] >>> [apiv2][body] POST https://firebasehosting.googleapis.com/v1beta1/projects/-/sites/stock-sell/channels/live/releases {}
[debug] [2026-05-04T09:12:10.109Z] <<< [apiv2][status] POST https://firebasehosting.googleapis.com/v1beta1/projects/-/sites/stock-sell/channels/live/releases 200
[debug] [2026-05-04T09:12:10.109Z] <<< [apiv2][body] POST https://firebasehosting.googleapis.com/v1beta1/projects/-/sites/stock-sell/channels/live/releases {"name":"projects/22003150351/sites/stock-sell/channels/live/releases/1777885929921000","version":{"name":"projects/22003150351/sites/stock-sell/versions/9752b1bfef86841e","status":"FINALIZED","config":{"rewrites":[{"glob":"**","path":"/index.html"}]},"labels":{"deployment-tool":"cli-firebase"},"createTime":"2026-05-04T09:11:38.713207Z","createUser":{"email":"sumanadhikari0@gmail.com","imageUrl":"https://lh3.googleusercontent.com/a/ACg8ocIvJBEIxDlH_nMNzSOn5ja19O0dOzQ9-M6538ZyNx7kXdKse0Ffnw"},"finalizeTime":"2026-05-04T09:12:09.692473Z","finalizeUser":{"email":"sumanadhikari0@gmail.com","imageUrl":"https://lh3.googleusercontent.com/a/ACg8ocIvJBEIxDlH_nMNzSOn5ja19O0dOzQ9-M6538ZyNx7kXdKse0Ffnw"}},"type":"DEPLOY","releaseTime":"2026-05-04T09:12:09.921Z","releaseUser":{"email":"sumanadhikari0@gmail.com","imageUrl":"https://lh3.googleusercontent.com/a/ACg8ocIvJBEIxDlH_nMNzSOn5ja19O0dOzQ9-M6538ZyNx7kXdKse0Ffnw"}}
[debug] [2026-05-04T09:12:10.109Z] [hosting] release: {"name":"projects/22003150351/sites/stock-sell/channels/live/releases/1777885929921000","version":{"name":"projects/22003150351/sites/stock-sell/versions/9752b1bfef86841e","status":"FINALIZED","config":{"rewrites":[{"glob":"**","path":"/index.html"}]},"labels":{"deployment-tool":"cli-firebase"},"createTime":"2026-05-04T09:11:38.713207Z","createUser":{"email":"sumanadhikari0@gmail.com","imageUrl":"https://lh3.googleusercontent.com/a/ACg8ocIvJBEIxDlH_nMNzSOn5ja19O0dOzQ9-M6538ZyNx7kXdKse0Ffnw"},"finalizeTime":"2026-05-04T09:12:09.692473Z","finalizeUser":{"email":"sumanadhikari0@gmail.com","imageUrl":"https://lh3.googleusercontent.com/a/ACg8ocIvJBEIxDlH_nMNzSOn5ja19O0dOzQ9-M6538ZyNx7kXdKse0Ffnw"}},"type":"DEPLOY","releaseTime":"2026-05-04T09:12:09.921Z","releaseUser":{"email":"sumanadhikari0@gmail.com","imageUrl":"https://lh3.googleusercontent.com/a/ACg8ocIvJBEIxDlH_nMNzSOn5ja19O0dOzQ9-M6538ZyNx7kXdKse0Ffnw"}}
[info] +  hosting[stock-sell]: release complete 
[info] 
[info] +  Deploy complete! 
[info] 
[info] Project Console: https://console.firebase.google.com/project/stock-sell/overview
[info] Hosting URL: https://stock-sell.web.app
[debug] [2026-05-04T09:12:15.808Z] Error: Timed out.
    at Timeout._onTimeout (C:\Users\Admin\AppData\Roaming\npm\node_modules\firebase-tools\lib\utils.js:309:49)
    at listOnTimeout (node:internal/timers:594:17)
    at process.processTimers (node:internal/timers:529:7)
[error] 
[error] Error: An unexpected error has occurred.
